found minimum at <<f( -0.999904 -1 ) = 0.000318393
 after 17 evaluations.
