found minimum at <<f( 1.27484 ) = 3495.4
 after 9 evaluations.
