found minimum at <<f( 1.07984 ) = 4191.09
 after 10 evaluations.
