found minimum at <<f( -0.999165 -0.999437 ) = 2.86524
 after 18 evaluations.
