found minimum at <<f( 1.30307 ) = 2060.85
 after 10 evaluations.
