found minimum at <<f( -0.998983 -1.0026 -1.00107 -0.997458 ) = 13.9725
 after 41 evaluations.
